V0810 06:19:04.291000 3658 site-packages/torch/_inductor/graph.py:2345] [0/0] [__output_code] Output code: 
V0810 06:19:04.291000 3658 site-packages/torch/_inductor/graph.py:2345] [0/0] [__output_code] # AOT ID: ['0_inference']
V0810 06:19:04.291000 3658 site-packages/torch/_inductor/graph.py:2345] [0/0] [__output_code] from ctypes import c_void_p, c_long, c_int
V0810 06:19:04.291000 3658 site-packages/torch/_inductor/graph.py:2345] [0/0] [__output_code] import torch
V0810 06:19:04.291000 3658 site-packages/torch/_inductor/graph.py:2345] [0/0] [__output_code] import math
V0810 06:19:04.291000 3658 site-packages/torch/_inductor/graph.py:2345] [0/0] [__output_code] import random
V0810 06:19:04.291000 3658 site-packages/torch/_inductor/graph.py:2345] [0/0] [__output_code] import os
V0810 06:19:04.291000 3658 site-packages/torch/_inductor/graph.py:2345] [0/0] [__output_code] import tempfile
V0810 06:19:04.291000 3658 site-packages/torch/_inductor/graph.py:2345] [0/0] [__output_code] from math import inf, nan
V0810 06:19:04.291000 3658 site-packages/torch/_inductor/graph.py:2345] [0/0] [__output_code] from cmath import nanj
V0810 06:19:04.291000 3658 site-packages/torch/_inductor/graph.py:2345] [0/0] [__output_code] from torch._inductor.hooks import run_intermediate_hooks
V0810 06:19:04.291000 3658 site-packages/torch/_inductor/graph.py:2345] [0/0] [__output_code] from torch._inductor.utils import maybe_profile
V0810 06:19:04.291000 3658 site-packages/torch/_inductor/graph.py:2345] [0/0] [__output_code] from torch._inductor.codegen.memory_planning import _align as align
V0810 06:19:04.291000 3658 site-packages/torch/_inductor/graph.py:2345] [0/0] [__output_code] from torch import device, empty_strided
V0810 06:19:04.291000 3658 site-packages/torch/_inductor/graph.py:2345] [0/0] [__output_code] from torch._inductor.async_compile import AsyncCompile
V0810 06:19:04.291000 3658 site-packages/torch/_inductor/graph.py:2345] [0/0] [__output_code] from torch._inductor.select_algorithm import extern_kernels
V0810 06:19:04.291000 3658 site-packages/torch/_inductor/graph.py:2345] [0/0] [__output_code] import triton
V0810 06:19:04.291000 3658 site-packages/torch/_inductor/graph.py:2345] [0/0] [__output_code] import triton.language as tl
V0810 06:19:04.291000 3658 site-packages/torch/_inductor/graph.py:2345] [0/0] [__output_code] from torch._inductor.runtime.triton_heuristics import start_graph, end_graph
V0810 06:19:04.291000 3658 site-packages/torch/_inductor/graph.py:2345] [0/0] [__output_code] from torch._C import _cuda_getCurrentRawStream as get_raw_stream
V0810 06:19:04.291000 3658 site-packages/torch/_inductor/graph.py:2345] [0/0] [__output_code] from torch._C import _cuda_getCurrentRawStream as get_raw_stream
V0810 06:19:04.291000 3658 site-packages/torch/_inductor/graph.py:2345] [0/0] [__output_code] 
V0810 06:19:04.291000 3658 site-packages/torch/_inductor/graph.py:2345] [0/0] [__output_code] aten = torch.ops.aten
V0810 06:19:04.291000 3658 site-packages/torch/_inductor/graph.py:2345] [0/0] [__output_code] inductor_ops = torch.ops.inductor
V0810 06:19:04.291000 3658 site-packages/torch/_inductor/graph.py:2345] [0/0] [__output_code] _quantized = torch.ops._quantized
V0810 06:19:04.291000 3658 site-packages/torch/_inductor/graph.py:2345] [0/0] [__output_code] assert_size_stride = torch._C._dynamo.guards.assert_size_stride
V0810 06:19:04.291000 3658 site-packages/torch/_inductor/graph.py:2345] [0/0] [__output_code] assert_alignment = torch._C._dynamo.guards.assert_alignment
V0810 06:19:04.291000 3658 site-packages/torch/_inductor/graph.py:2345] [0/0] [__output_code] empty_strided_cpu = torch._C._dynamo.guards._empty_strided_cpu
V0810 06:19:04.291000 3658 site-packages/torch/_inductor/graph.py:2345] [0/0] [__output_code] empty_strided_cuda = torch._C._dynamo.guards._empty_strided_cuda
V0810 06:19:04.291000 3658 site-packages/torch/_inductor/graph.py:2345] [0/0] [__output_code] empty_strided_xpu = torch._C._dynamo.guards._empty_strided_xpu
V0810 06:19:04.291000 3658 site-packages/torch/_inductor/graph.py:2345] [0/0] [__output_code] reinterpret_tensor = torch._C._dynamo.guards._reinterpret_tensor
V0810 06:19:04.291000 3658 site-packages/torch/_inductor/graph.py:2345] [0/0] [__output_code] alloc_from_pool = torch.ops.inductor._alloc_from_pool
V0810 06:19:04.291000 3658 site-packages/torch/_inductor/graph.py:2345] [0/0] [__output_code] async_compile = AsyncCompile()
V0810 06:19:04.291000 3658 site-packages/torch/_inductor/graph.py:2345] [0/0] [__output_code] empty_strided_p2p = torch._C._distributed_c10d._SymmetricMemory.empty_strided_p2p
V0810 06:19:04.291000 3658 site-packages/torch/_inductor/graph.py:2345] [0/0] [__output_code] 
V0810 06:19:04.291000 3658 site-packages/torch/_inductor/graph.py:2345] [0/0] [__output_code] 
V0810 06:19:04.291000 3658 site-packages/torch/_inductor/graph.py:2345] [0/0] [__output_code] # kernel path: /tmp/torchinductor_root/7k/c7ks6chxlxjo3uivnjao6bxcu75elzf2zmpc3ekljdtikdibzhqq.py
V0810 06:19:04.291000 3658 site-packages/torch/_inductor/graph.py:2345] [0/0] [__output_code] # Topologically Sorted Source Nodes: [term2], Original ATen: [aten.clone]
V0810 06:19:04.291000 3658 site-packages/torch/_inductor/graph.py:2345] [0/0] [__output_code] # Source node to ATen node mapping:
V0810 06:19:04.291000 3658 site-packages/torch/_inductor/graph.py:2345] [0/0] [__output_code] #   term2 => clone
V0810 06:19:04.291000 3658 site-packages/torch/_inductor/graph.py:2345] [0/0] [__output_code] # Graph fragment:
V0810 06:19:04.291000 3658 site-packages/torch/_inductor/graph.py:2345] [0/0] [__output_code] #   %clone : [num_users=1] = call_function[target=torch.ops.aten.clone.default](args = (%permute_2,), kwargs = {memory_format: torch.contiguous_format})
V0810 06:19:04.291000 3658 site-packages/torch/_inductor/graph.py:2345] [0/0] [__output_code] triton_poi_fused_clone_0 = async_compile.triton('triton_poi_fused_clone_0', '''
V0810 06:19:04.291000 3658 site-packages/torch/_inductor/graph.py:2345] [0/0] [__output_code] import triton
V0810 06:19:04.291000 3658 site-packages/torch/_inductor/graph.py:2345] [0/0] [__output_code] import triton.language as tl
V0810 06:19:04.291000 3658 site-packages/torch/_inductor/graph.py:2345] [0/0] [__output_code] from triton.compiler.compiler import AttrsDescriptor
V0810 06:19:04.291000 3658 site-packages/torch/_inductor/graph.py:2345] [0/0] [__output_code] 
V0810 06:19:04.291000 3658 site-packages/torch/_inductor/graph.py:2345] [0/0] [__output_code] from torch._inductor.runtime import triton_helpers, triton_heuristics
V0810 06:19:04.291000 3658 site-packages/torch/_inductor/graph.py:2345] [0/0] [__output_code] from torch._inductor.runtime.triton_helpers import libdevice, math as tl_math
V0810 06:19:04.291000 3658 site-packages/torch/_inductor/graph.py:2345] [0/0] [__output_code] from torch._inductor.runtime.hints import AutotuneHint, ReductionHint, TileHint, DeviceProperties
V0810 06:19:04.291000 3658 site-packages/torch/_inductor/graph.py:2345] [0/0] [__output_code] triton_helpers.set_driver_to_gpu()
V0810 06:19:04.291000 3658 site-packages/torch/_inductor/graph.py:2345] [0/0] [__output_code] 
V0810 06:19:04.291000 3658 site-packages/torch/_inductor/graph.py:2345] [0/0] [__output_code] @triton_heuristics.pointwise(
V0810 06:19:04.291000 3658 site-packages/torch/_inductor/graph.py:2345] [0/0] [__output_code]     size_hints={'y': 8192, 'x': 16}, tile_hint=TileHint.SQUARE,
V0810 06:19:04.291000 3658 site-packages/torch/_inductor/graph.py:2345] [0/0] [__output_code]     filename=__file__,
V0810 06:19:04.291000 3658 site-packages/torch/_inductor/graph.py:2345] [0/0] [__output_code]     triton_meta={'signature': {'in_ptr0': '*fp32', 'out_ptr0': '*fp32', 'ynumel': 'i32', 'xnumel': 'i32'}, 'device': DeviceProperties(type='maca', index=0, multi_processor_count=104, cc=80, major=8, regs_per_multiprocessor=131072, max_threads_per_multi_processor=2048, warp_size=64), 'constants': {}, 'configs': [AttrsDescriptor(divisible_by_16=(0, 1, 2, 3), equal_to_1=())]},
V0810 06:19:04.291000 3658 site-packages/torch/_inductor/graph.py:2345] [0/0] [__output_code]     inductor_meta={'grid_type': 'Grid2D', 'autotune_hints': set(), 'kernel_name': 'triton_poi_fused_clone_0', 'mutated_arg_names': [], 'optimize_mem': True, 'no_x_dim': False, 'num_load': 1, 'num_reduction': 0, 'backend_hash': 'A4BA927246B2FCECB46FD28A14D82CEE8A280970EB225E06F36C5AC267EF50C9', 'are_deterministic_algorithms_enabled': False, 'assert_indirect_indexing': False, 'autotune_local_cache': True, 'autotune_pointwise': True, 'autotune_remote_cache': None, 'force_disable_caches': False, 'dynamic_scale_rblock': True, 'max_autotune': False, 'max_autotune_pointwise': False, 'min_split_scan_rblock': 256, 'spill_threshold': 16, 'store_cubin': False, 'tiling_scores': {'y': 524288, 'x': 1048576}},
V0810 06:19:04.291000 3658 site-packages/torch/_inductor/graph.py:2345] [0/0] [__output_code]     min_elem_per_thread=0
V0810 06:19:04.291000 3658 site-packages/torch/_inductor/graph.py:2345] [0/0] [__output_code] )
V0810 06:19:04.291000 3658 site-packages/torch/_inductor/graph.py:2345] [0/0] [__output_code] @triton.jit
V0810 06:19:04.291000 3658 site-packages/torch/_inductor/graph.py:2345] [0/0] [__output_code] def triton_poi_fused_clone_0(in_ptr0, out_ptr0, ynumel, xnumel, YBLOCK : tl.constexpr, XBLOCK : tl.constexpr):
V0810 06:19:04.291000 3658 site-packages/torch/_inductor/graph.py:2345] [0/0] [__output_code]     ynumel = 8192
V0810 06:19:04.291000 3658 site-packages/torch/_inductor/graph.py:2345] [0/0] [__output_code]     xnumel = 16
V0810 06:19:04.291000 3658 site-packages/torch/_inductor/graph.py:2345] [0/0] [__output_code]     yoffset = tl.program_id(1) * YBLOCK
V0810 06:19:04.291000 3658 site-packages/torch/_inductor/graph.py:2345] [0/0] [__output_code]     yindex = yoffset + tl.arange(0, YBLOCK)[:, None]
V0810 06:19:04.291000 3658 site-packages/torch/_inductor/graph.py:2345] [0/0] [__output_code]     ymask = tl.full([YBLOCK, XBLOCK], True, tl.int1)
V0810 06:19:04.291000 3658 site-packages/torch/_inductor/graph.py:2345] [0/0] [__output_code]     xoffset = tl.program_id(0) * XBLOCK
V0810 06:19:04.291000 3658 site-packages/torch/_inductor/graph.py:2345] [0/0] [__output_code]     xindex = xoffset + tl.arange(0, XBLOCK)[None, :]
V0810 06:19:04.291000 3658 site-packages/torch/_inductor/graph.py:2345] [0/0] [__output_code]     xmask = xindex < xnumel
V0810 06:19:04.291000 3658 site-packages/torch/_inductor/graph.py:2345] [0/0] [__output_code]     x2 = (xindex % 4)
V0810 06:19:04.291000 3658 site-packages/torch/_inductor/graph.py:2345] [0/0] [__output_code]     x3 = xindex // 4
V0810 06:19:04.291000 3658 site-packages/torch/_inductor/graph.py:2345] [0/0] [__output_code]     y0 = (yindex % 4096)
V0810 06:19:04.291000 3658 site-packages/torch/_inductor/graph.py:2345] [0/0] [__output_code]     y1 = yindex // 4096
V0810 06:19:04.291000 3658 site-packages/torch/_inductor/graph.py:2345] [0/0] [__output_code]     x5 = xindex
V0810 06:19:04.291000 3658 site-packages/torch/_inductor/graph.py:2345] [0/0] [__output_code]     y4 = yindex
V0810 06:19:04.291000 3658 site-packages/torch/_inductor/graph.py:2345] [0/0] [__output_code]     tmp0 = tl.load(in_ptr0 + (y0 + 4096*x3 + 16384*x2 + 65536*y1), xmask, eviction_policy='evict_last')
V0810 06:19:04.291000 3658 site-packages/torch/_inductor/graph.py:2345] [0/0] [__output_code]     tl.store(out_ptr0 + (x5 + 16*y4), tmp0, xmask)
V0810 06:19:04.291000 3658 site-packages/torch/_inductor/graph.py:2345] [0/0] [__output_code] ''', device_str='cuda')
V0810 06:19:04.291000 3658 site-packages/torch/_inductor/graph.py:2345] [0/0] [__output_code] 
V0810 06:19:04.291000 3658 site-packages/torch/_inductor/graph.py:2345] [0/0] [__output_code] 
V0810 06:19:04.291000 3658 site-packages/torch/_inductor/graph.py:2345] [0/0] [__output_code] # kernel path: /tmp/torchinductor_root/xr/cxrjpoep2s7xcebwpi54m5hiz4iuipcy5syuoys6rg3xzybkmbfj.py
V0810 06:19:04.291000 3658 site-packages/torch/_inductor/graph.py:2345] [0/0] [__output_code] # Topologically Sorted Source Nodes: [term2], Original ATen: [aten.clone]
V0810 06:19:04.291000 3658 site-packages/torch/_inductor/graph.py:2345] [0/0] [__output_code] # Source node to ATen node mapping:
V0810 06:19:04.291000 3658 site-packages/torch/_inductor/graph.py:2345] [0/0] [__output_code] #   term2 => clone_1
V0810 06:19:04.291000 3658 site-packages/torch/_inductor/graph.py:2345] [0/0] [__output_code] # Graph fragment:
V0810 06:19:04.291000 3658 site-packages/torch/_inductor/graph.py:2345] [0/0] [__output_code] #   %clone_1 : [num_users=1] = call_function[target=torch.ops.aten.clone.default](args = (%unsqueeze_1,), kwargs = {memory_format: torch.contiguous_format})
V0810 06:19:04.291000 3658 site-packages/torch/_inductor/graph.py:2345] [0/0] [__output_code] triton_poi_fused_clone_1 = async_compile.triton('triton_poi_fused_clone_1', '''
V0810 06:19:04.291000 3658 site-packages/torch/_inductor/graph.py:2345] [0/0] [__output_code] import triton
V0810 06:19:04.291000 3658 site-packages/torch/_inductor/graph.py:2345] [0/0] [__output_code] import triton.language as tl
V0810 06:19:04.291000 3658 site-packages/torch/_inductor/graph.py:2345] [0/0] [__output_code] from triton.compiler.compiler import AttrsDescriptor
V0810 06:19:04.291000 3658 site-packages/torch/_inductor/graph.py:2345] [0/0] [__output_code] 
V0810 06:19:04.291000 3658 site-packages/torch/_inductor/graph.py:2345] [0/0] [__output_code] from torch._inductor.runtime import triton_helpers, triton_heuristics
V0810 06:19:04.291000 3658 site-packages/torch/_inductor/graph.py:2345] [0/0] [__output_code] from torch._inductor.runtime.triton_helpers import libdevice, math as tl_math
V0810 06:19:04.291000 3658 site-packages/torch/_inductor/graph.py:2345] [0/0] [__output_code] from torch._inductor.runtime.hints import AutotuneHint, ReductionHint, TileHint, DeviceProperties
V0810 06:19:04.291000 3658 site-packages/torch/_inductor/graph.py:2345] [0/0] [__output_code] triton_helpers.set_driver_to_gpu()
V0810 06:19:04.291000 3658 site-packages/torch/_inductor/graph.py:2345] [0/0] [__output_code] 
V0810 06:19:04.291000 3658 site-packages/torch/_inductor/graph.py:2345] [0/0] [__output_code] @triton_heuristics.pointwise(
V0810 06:19:04.291000 3658 site-packages/torch/_inductor/graph.py:2345] [0/0] [__output_code]     size_hints={'y': 8192, 'x': 8192}, tile_hint=TileHint.SQUARE,
V0810 06:19:04.291000 3658 site-packages/torch/_inductor/graph.py:2345] [0/0] [__output_code]     filename=__file__,
V0810 06:19:04.291000 3658 site-packages/torch/_inductor/graph.py:2345] [0/0] [__output_code]     triton_meta={'signature': {'in_ptr0': '*bf16', 'out_ptr0': '*fp32', 'ynumel': 'i32', 'xnumel': 'i32'}, 'device': DeviceProperties(type='maca', index=0, multi_processor_count=104, cc=80, major=8, regs_per_multiprocessor=131072, max_threads_per_multi_processor=2048, warp_size=64), 'constants': {}, 'configs': [AttrsDescriptor(divisible_by_16=(0, 1, 2, 3), equal_to_1=())]},
V0810 06:19:04.291000 3658 site-packages/torch/_inductor/graph.py:2345] [0/0] [__output_code]     inductor_meta={'grid_type': 'Grid2D', 'autotune_hints': set(), 'kernel_name': 'triton_poi_fused_clone_1', 'mutated_arg_names': [], 'optimize_mem': True, 'no_x_dim': False, 'num_load': 1, 'num_reduction': 0, 'backend_hash': 'A4BA927246B2FCECB46FD28A14D82CEE8A280970EB225E06F36C5AC267EF50C9', 'are_deterministic_algorithms_enabled': False, 'assert_indirect_indexing': False, 'autotune_local_cache': True, 'autotune_pointwise': True, 'autotune_remote_cache': None, 'force_disable_caches': False, 'dynamic_scale_rblock': True, 'max_autotune': False, 'max_autotune_pointwise': False, 'min_split_scan_rblock': 256, 'spill_threshold': 16, 'store_cubin': False, 'tiling_scores': {'y': 83886080, 'x': 335544320}},
V0810 06:19:04.291000 3658 site-packages/torch/_inductor/graph.py:2345] [0/0] [__output_code]     min_elem_per_thread=0
V0810 06:19:04.291000 3658 site-packages/torch/_inductor/graph.py:2345] [0/0] [__output_code] )
V0810 06:19:04.291000 3658 site-packages/torch/_inductor/graph.py:2345] [0/0] [__output_code] @triton.jit
V0810 06:19:04.291000 3658 site-packages/torch/_inductor/graph.py:2345] [0/0] [__output_code] def triton_poi_fused_clone_1(in_ptr0, out_ptr0, ynumel, xnumel, YBLOCK : tl.constexpr, XBLOCK : tl.constexpr):
V0810 06:19:04.291000 3658 site-packages/torch/_inductor/graph.py:2345] [0/0] [__output_code]     ynumel = 8192
V0810 06:19:04.291000 3658 site-packages/torch/_inductor/graph.py:2345] [0/0] [__output_code]     xnumel = 5120
V0810 06:19:04.291000 3658 site-packages/torch/_inductor/graph.py:2345] [0/0] [__output_code]     yoffset = tl.program_id(1) * YBLOCK
V0810 06:19:04.291000 3658 site-packages/torch/_inductor/graph.py:2345] [0/0] [__output_code]     yindex = yoffset + tl.arange(0, YBLOCK)[:, None]
V0810 06:19:04.291000 3658 site-packages/torch/_inductor/graph.py:2345] [0/0] [__output_code]     ymask = tl.full([YBLOCK, XBLOCK], True, tl.int1)
V0810 06:19:04.291000 3658 site-packages/torch/_inductor/graph.py:2345] [0/0] [__output_code]     xoffset = tl.program_id(0) * XBLOCK
V0810 06:19:04.291000 3658 site-packages/torch/_inductor/graph.py:2345] [0/0] [__output_code]     xindex = xoffset + tl.arange(0, XBLOCK)[None, :]
V0810 06:19:04.291000 3658 site-packages/torch/_inductor/graph.py:2345] [0/0] [__output_code]     xmask = xindex < xnumel
V0810 06:19:04.291000 3658 site-packages/torch/_inductor/graph.py:2345] [0/0] [__output_code]     x2 = xindex
V0810 06:19:04.291000 3658 site-packages/torch/_inductor/graph.py:2345] [0/0] [__output_code]     y0 = (yindex % 4096)
V0810 06:19:04.291000 3658 site-packages/torch/_inductor/graph.py:2345] [0/0] [__output_code]     y1 = yindex // 4096
V0810 06:19:04.291000 3658 site-packages/torch/_inductor/graph.py:2345] [0/0] [__output_code]     y3 = yindex
V0810 06:19:04.291000 3658 site-packages/torch/_inductor/graph.py:2345] [0/0] [__output_code]     tmp0 = tl.load(in_ptr0 + (y0 + 4096*x2 + 20971520*y1), xmask, eviction_policy='evict_last').to(tl.float32)
V0810 06:19:04.291000 3658 site-packages/torch/_inductor/graph.py:2345] [0/0] [__output_code]     tmp1 = tmp0.to(tl.float32)
V0810 06:19:04.291000 3658 site-packages/torch/_inductor/graph.py:2345] [0/0] [__output_code]     tl.store(out_ptr0 + (x2 + 5120*y3), tmp1, xmask)
V0810 06:19:04.291000 3658 site-packages/torch/_inductor/graph.py:2345] [0/0] [__output_code] ''', device_str='cuda')
V0810 06:19:04.291000 3658 site-packages/torch/_inductor/graph.py:2345] [0/0] [__output_code] 
V0810 06:19:04.291000 3658 site-packages/torch/_inductor/graph.py:2345] [0/0] [__output_code] 
V0810 06:19:04.291000 3658 site-packages/torch/_inductor/graph.py:2345] [0/0] [__output_code] # kernel path: /tmp/torchinductor_root/2e/c2enn72rienttekbpsdwxgwvi3vbqjybewh5cj5nc5ixq3idznbu.py
V0810 06:19:04.291000 3658 site-packages/torch/_inductor/graph.py:2345] [0/0] [__output_code] # Topologically Sorted Source Nodes: [mul, add, bfloat16], Original ATen: [aten.mul, aten.add, aten._to_copy]
V0810 06:19:04.291000 3658 site-packages/torch/_inductor/graph.py:2345] [0/0] [__output_code] # Source node to ATen node mapping:
V0810 06:19:04.291000 3658 site-packages/torch/_inductor/graph.py:2345] [0/0] [__output_code] #   add => add
V0810 06:19:04.291000 3658 site-packages/torch/_inductor/graph.py:2345] [0/0] [__output_code] #   bfloat16 => convert_element_type_2
V0810 06:19:04.291000 3658 site-packages/torch/_inductor/graph.py:2345] [0/0] [__output_code] #   mul => mul
V0810 06:19:04.291000 3658 site-packages/torch/_inductor/graph.py:2345] [0/0] [__output_code] # Graph fragment:
V0810 06:19:04.291000 3658 site-packages/torch/_inductor/graph.py:2345] [0/0] [__output_code] #   %mul : [num_users=1] = call_function[target=torch.ops.aten.mul.Tensor](args = (%unsqueeze_2, %arg3_1), kwargs = {})
V0810 06:19:04.291000 3658 site-packages/torch/_inductor/graph.py:2345] [0/0] [__output_code] #   %add : [num_users=1] = call_function[target=torch.ops.aten.add.Tensor](args = (%mul, %view_3), kwargs = {})
V0810 06:19:04.291000 3658 site-packages/torch/_inductor/graph.py:2345] [0/0] [__output_code] #   %convert_element_type_2 : [num_users=1] = call_function[target=torch.ops.prims.convert_element_type.default](args = (%add, torch.bfloat16), kwargs = {})
V0810 06:19:04.291000 3658 site-packages/torch/_inductor/graph.py:2345] [0/0] [__output_code] triton_poi_fused__to_copy_add_mul_2 = async_compile.triton('triton_poi_fused__to_copy_add_mul_2', '''
V0810 06:19:04.291000 3658 site-packages/torch/_inductor/graph.py:2345] [0/0] [__output_code] import triton
V0810 06:19:04.291000 3658 site-packages/torch/_inductor/graph.py:2345] [0/0] [__output_code] import triton.language as tl
V0810 06:19:04.291000 3658 site-packages/torch/_inductor/graph.py:2345] [0/0] [__output_code] from triton.compiler.compiler import AttrsDescriptor
V0810 06:19:04.291000 3658 site-packages/torch/_inductor/graph.py:2345] [0/0] [__output_code] 
V0810 06:19:04.291000 3658 site-packages/torch/_inductor/graph.py:2345] [0/0] [__output_code] from torch._inductor.runtime import triton_helpers, triton_heuristics
V0810 06:19:04.291000 3658 site-packages/torch/_inductor/graph.py:2345] [0/0] [__output_code] from torch._inductor.runtime.triton_helpers import libdevice, math as tl_math
V0810 06:19:04.291000 3658 site-packages/torch/_inductor/graph.py:2345] [0/0] [__output_code] from torch._inductor.runtime.hints import AutotuneHint, ReductionHint, TileHint, DeviceProperties
V0810 06:19:04.291000 3658 site-packages/torch/_inductor/graph.py:2345] [0/0] [__output_code] triton_helpers.set_driver_to_gpu()
V0810 06:19:04.291000 3658 site-packages/torch/_inductor/graph.py:2345] [0/0] [__output_code] 
V0810 06:19:04.291000 3658 site-packages/torch/_inductor/graph.py:2345] [0/0] [__output_code] @triton_heuristics.pointwise(
V0810 06:19:04.291000 3658 site-packages/torch/_inductor/graph.py:2345] [0/0] [__output_code]     size_hints={'x': 67108864}, 
V0810 06:19:04.291000 3658 site-packages/torch/_inductor/graph.py:2345] [0/0] [__output_code]     filename=__file__,
V0810 06:19:04.291000 3658 site-packages/torch/_inductor/graph.py:2345] [0/0] [__output_code]     triton_meta={'signature': {'in_ptr0': '*bf16', 'in_ptr1': '*fp32', 'in_ptr2': '*fp32', 'out_ptr0': '*bf16', 'xnumel': 'i32'}, 'device': DeviceProperties(type='maca', index=0, multi_processor_count=104, cc=80, major=8, regs_per_multiprocessor=131072, max_threads_per_multi_processor=2048, warp_size=64), 'constants': {}, 'configs': [AttrsDescriptor(divisible_by_16=(0, 1, 2, 3, 4), equal_to_1=())]},
V0810 06:19:04.291000 3658 site-packages/torch/_inductor/graph.py:2345] [0/0] [__output_code]     inductor_meta={'grid_type': 'Grid1D', 'autotune_hints': set(), 'kernel_name': 'triton_poi_fused__to_copy_add_mul_2', 'mutated_arg_names': [], 'optimize_mem': True, 'no_x_dim': False, 'num_load': 3, 'num_reduction': 0, 'backend_hash': 'A4BA927246B2FCECB46FD28A14D82CEE8A280970EB225E06F36C5AC267EF50C9', 'are_deterministic_algorithms_enabled': False, 'assert_indirect_indexing': False, 'autotune_local_cache': True, 'autotune_pointwise': True, 'autotune_remote_cache': None, 'force_disable_caches': False, 'dynamic_scale_rblock': True, 'max_autotune': False, 'max_autotune_pointwise': False, 'min_split_scan_rblock': 256, 'spill_threshold': 16, 'store_cubin': False, 'tiling_scores': {'x': 356515840}},
V0810 06:19:04.291000 3658 site-packages/torch/_inductor/graph.py:2345] [0/0] [__output_code]     min_elem_per_thread=0
V0810 06:19:04.291000 3658 site-packages/torch/_inductor/graph.py:2345] [0/0] [__output_code] )
V0810 06:19:04.291000 3658 site-packages/torch/_inductor/graph.py:2345] [0/0] [__output_code] @triton.jit
V0810 06:19:04.291000 3658 site-packages/torch/_inductor/graph.py:2345] [0/0] [__output_code] def triton_poi_fused__to_copy_add_mul_2(in_ptr0, in_ptr1, in_ptr2, out_ptr0, xnumel, XBLOCK : tl.constexpr):
V0810 06:19:04.291000 3658 site-packages/torch/_inductor/graph.py:2345] [0/0] [__output_code]     xnumel = 41943040
V0810 06:19:04.291000 3658 site-packages/torch/_inductor/graph.py:2345] [0/0] [__output_code]     xoffset = tl.program_id(0) * XBLOCK
V0810 06:19:04.291000 3658 site-packages/torch/_inductor/graph.py:2345] [0/0] [__output_code]     xindex = xoffset + tl.arange(0, XBLOCK)[:]
V0810 06:19:04.291000 3658 site-packages/torch/_inductor/graph.py:2345] [0/0] [__output_code]     xmask = tl.full([XBLOCK], True, tl.int1)
V0810 06:19:04.291000 3658 site-packages/torch/_inductor/graph.py:2345] [0/0] [__output_code]     x3 = xindex // 20971520
V0810 06:19:04.291000 3658 site-packages/torch/_inductor/graph.py:2345] [0/0] [__output_code]     x4 = (xindex % 5242880)
V0810 06:19:04.291000 3658 site-packages/torch/_inductor/graph.py:2345] [0/0] [__output_code]     x5 = xindex // 1280
V0810 06:19:04.291000 3658 site-packages/torch/_inductor/graph.py:2345] [0/0] [__output_code]     x0 = (xindex % 1280)
V0810 06:19:04.291000 3658 site-packages/torch/_inductor/graph.py:2345] [0/0] [__output_code]     x1 = ((xindex // 1280) % 4096)
V0810 06:19:04.291000 3658 site-packages/torch/_inductor/graph.py:2345] [0/0] [__output_code]     x2 = ((xindex // 5242880) % 4)
V0810 06:19:04.291000 3658 site-packages/torch/_inductor/graph.py:2345] [0/0] [__output_code]     x6 = xindex
V0810 06:19:04.291000 3658 site-packages/torch/_inductor/graph.py:2345] [0/0] [__output_code]     tmp0 = tl.load(in_ptr0 + (x4 + 5242880*x3), None, eviction_policy='evict_last').to(tl.float32)
V0810 06:19:04.291000 3658 site-packages/torch/_inductor/graph.py:2345] [0/0] [__output_code]     tmp2 = tl.load(in_ptr1 + (x5), None, eviction_policy='evict_last')
V0810 06:19:04.291000 3658 site-packages/torch/_inductor/graph.py:2345] [0/0] [__output_code]     tmp4 = tl.load(in_ptr2 + (x0 + 1280*x2 + 5120*x1 + 20971520*x3), None)
V0810 06:19:04.291000 3658 site-packages/torch/_inductor/graph.py:2345] [0/0] [__output_code]     tmp1 = tmp0.to(tl.float32)
V0810 06:19:04.291000 3658 site-packages/torch/_inductor/graph.py:2345] [0/0] [__output_code]     tmp3 = tmp1 * tmp2
V0810 06:19:04.291000 3658 site-packages/torch/_inductor/graph.py:2345] [0/0] [__output_code]     tmp5 = tmp3 + tmp4
V0810 06:19:04.291000 3658 site-packages/torch/_inductor/graph.py:2345] [0/0] [__output_code]     tmp6 = tmp5.to(tl.float32)
V0810 06:19:04.291000 3658 site-packages/torch/_inductor/graph.py:2345] [0/0] [__output_code]     tl.store(out_ptr0 + (x6), tmp6, None)
V0810 06:19:04.291000 3658 site-packages/torch/_inductor/graph.py:2345] [0/0] [__output_code] ''', device_str='cuda')
V0810 06:19:04.291000 3658 site-packages/torch/_inductor/graph.py:2345] [0/0] [__output_code] 
V0810 06:19:04.291000 3658 site-packages/torch/_inductor/graph.py:2345] [0/0] [__output_code] 
V0810 06:19:04.291000 3658 site-packages/torch/_inductor/graph.py:2345] [0/0] [__output_code] async_compile.wait(globals())
V0810 06:19:04.291000 3658 site-packages/torch/_inductor/graph.py:2345] [0/0] [__output_code] del async_compile
V0810 06:19:04.291000 3658 site-packages/torch/_inductor/graph.py:2345] [0/0] [__output_code] 
V0810 06:19:04.291000 3658 site-packages/torch/_inductor/graph.py:2345] [0/0] [__output_code] def call(args):
V0810 06:19:04.291000 3658 site-packages/torch/_inductor/graph.py:2345] [0/0] [__output_code]     arg0_1, arg1_1, arg2_1, arg3_1 = args
V0810 06:19:04.291000 3658 site-packages/torch/_inductor/graph.py:2345] [0/0] [__output_code]     args.clear()
V0810 06:19:04.291000 3658 site-packages/torch/_inductor/graph.py:2345] [0/0] [__output_code]     assert_size_stride(arg0_1, (2, 4096, 4, 1280), (20971520, 1, 5242880, 4096))
V0810 06:19:04.291000 3658 site-packages/torch/_inductor/graph.py:2345] [0/0] [__output_code]     assert_size_stride(arg1_1, (2, 4096, 4, 4), (65536, 1, 16384, 4096))
V0810 06:19:04.291000 3658 site-packages/torch/_inductor/graph.py:2345] [0/0] [__output_code]     assert_size_stride(arg2_1, (2, 4096, 1280), (5242880, 1280, 1))
V0810 06:19:04.291000 3658 site-packages/torch/_inductor/graph.py:2345] [0/0] [__output_code]     assert_size_stride(arg3_1, (2, 4096, 4, 1), (16384, 1, 4096, 4096))
V0810 06:19:04.291000 3658 site-packages/torch/_inductor/graph.py:2345] [0/0] [__output_code]     with torch.cuda._DeviceGuard(0):
V0810 06:19:04.291000 3658 site-packages/torch/_inductor/graph.py:2345] [0/0] [__output_code]         torch.cuda.set_device(0)
V0810 06:19:04.291000 3658 site-packages/torch/_inductor/graph.py:2345] [0/0] [__output_code]         buf0 = empty_strided_cuda((2, 4096, 4, 4, 1), (65536, 16, 4, 1, 1), torch.float32)
V0810 06:19:04.291000 3658 site-packages/torch/_inductor/graph.py:2345] [0/0] [__output_code]         # Topologically Sorted Source Nodes: [term2], Original ATen: [aten.clone]
V0810 06:19:04.291000 3658 site-packages/torch/_inductor/graph.py:2345] [0/0] [__output_code]         stream0 = get_raw_stream(0)
V0810 06:19:04.291000 3658 site-packages/torch/_inductor/graph.py:2345] [0/0] [__output_code]         triton_poi_fused_clone_0.run(arg1_1, buf0, 8192, 16, stream=stream0)
V0810 06:19:04.291000 3658 site-packages/torch/_inductor/graph.py:2345] [0/0] [__output_code]         del arg1_1
V0810 06:19:04.291000 3658 site-packages/torch/_inductor/graph.py:2345] [0/0] [__output_code]         buf1 = empty_strided_cuda((2, 4096, 4, 1280, 1), (20971520, 5120, 1280, 1, 1), torch.float32)
V0810 06:19:04.291000 3658 site-packages/torch/_inductor/graph.py:2345] [0/0] [__output_code]         # Topologically Sorted Source Nodes: [term2], Original ATen: [aten.clone]
V0810 06:19:04.291000 3658 site-packages/torch/_inductor/graph.py:2345] [0/0] [__output_code]         stream0 = get_raw_stream(0)
V0810 06:19:04.291000 3658 site-packages/torch/_inductor/graph.py:2345] [0/0] [__output_code]         triton_poi_fused_clone_1.run(arg0_1, buf1, 8192, 5120, stream=stream0)
V0810 06:19:04.291000 3658 site-packages/torch/_inductor/graph.py:2345] [0/0] [__output_code]         del arg0_1
V0810 06:19:04.291000 3658 site-packages/torch/_inductor/graph.py:2345] [0/0] [__output_code]         buf2 = empty_strided_cuda((8192, 4, 1280), (5120, 1280, 1), torch.float32)
V0810 06:19:04.291000 3658 site-packages/torch/_inductor/graph.py:2345] [0/0] [__output_code]         # Topologically Sorted Source Nodes: [term2], Original ATen: [aten.bmm]
V0810 06:19:04.291000 3658 site-packages/torch/_inductor/graph.py:2345] [0/0] [__output_code]         extern_kernels.bmm(reinterpret_tensor(buf0, (8192, 4, 4), (16, 4, 1), 0), reinterpret_tensor(buf1, (8192, 4, 1280), (5120, 1280, 1), 0), out=buf2)
V0810 06:19:04.291000 3658 site-packages/torch/_inductor/graph.py:2345] [0/0] [__output_code]         del buf0
V0810 06:19:04.291000 3658 site-packages/torch/_inductor/graph.py:2345] [0/0] [__output_code]         del buf1
V0810 06:19:04.291000 3658 site-packages/torch/_inductor/graph.py:2345] [0/0] [__output_code]         buf3 = empty_strided_cuda((2, 4096, 4, 1280), (20971520, 1280, 5242880, 1), torch.bfloat16)
V0810 06:19:04.291000 3658 site-packages/torch/_inductor/graph.py:2345] [0/0] [__output_code]         # Topologically Sorted Source Nodes: [mul, add, bfloat16], Original ATen: [aten.mul, aten.add, aten._to_copy]
V0810 06:19:04.291000 3658 site-packages/torch/_inductor/graph.py:2345] [0/0] [__output_code]         stream0 = get_raw_stream(0)
V0810 06:19:04.291000 3658 site-packages/torch/_inductor/graph.py:2345] [0/0] [__output_code]         triton_poi_fused__to_copy_add_mul_2.run(arg2_1, arg3_1, buf2, buf3, 41943040, stream=stream0)
V0810 06:19:04.291000 3658 site-packages/torch/_inductor/graph.py:2345] [0/0] [__output_code]         del arg2_1
V0810 06:19:04.291000 3658 site-packages/torch/_inductor/graph.py:2345] [0/0] [__output_code]         del arg3_1
V0810 06:19:04.291000 3658 site-packages/torch/_inductor/graph.py:2345] [0/0] [__output_code]         del buf2
V0810 06:19:04.291000 3658 site-packages/torch/_inductor/graph.py:2345] [0/0] [__output_code]     return (buf3, )
V0810 06:19:04.291000 3658 site-packages/torch/_inductor/graph.py:2345] [0/0] [__output_code] 
V0810 06:19:04.291000 3658 site-packages/torch/_inductor/graph.py:2345] [0/0] [__output_code] 
V0810 06:19:04.291000 3658 site-packages/torch/_inductor/graph.py:2345] [0/0] [__output_code] def benchmark_compiled_module(times=10, repeat=10):
V0810 06:19:04.291000 3658 site-packages/torch/_inductor/graph.py:2345] [0/0] [__output_code]     from torch._dynamo.testing import rand_strided
V0810 06:19:04.291000 3658 site-packages/torch/_inductor/graph.py:2345] [0/0] [__output_code]     from torch._inductor.utils import print_performance
V0810 06:19:04.291000 3658 site-packages/torch/_inductor/graph.py:2345] [0/0] [__output_code]     arg0_1 = rand_strided((2, 4096, 4, 1280), (20971520, 1, 5242880, 4096), device='cuda:0', dtype=torch.bfloat16)
V0810 06:19:04.291000 3658 site-packages/torch/_inductor/graph.py:2345] [0/0] [__output_code]     arg1_1 = rand_strided((2, 4096, 4, 4), (65536, 1, 16384, 4096), device='cuda:0', dtype=torch.float32)
V0810 06:19:04.291000 3658 site-packages/torch/_inductor/graph.py:2345] [0/0] [__output_code]     arg2_1 = rand_strided((2, 4096, 1280), (5242880, 1280, 1), device='cuda:0', dtype=torch.bfloat16)
V0810 06:19:04.291000 3658 site-packages/torch/_inductor/graph.py:2345] [0/0] [__output_code]     arg3_1 = rand_strided((2, 4096, 4, 1), (16384, 1, 4096, 4096), device='cuda:0', dtype=torch.float32)
V0810 06:19:04.291000 3658 site-packages/torch/_inductor/graph.py:2345] [0/0] [__output_code]     fn = lambda: call([arg0_1, arg1_1, arg2_1, arg3_1])
V0810 06:19:04.291000 3658 site-packages/torch/_inductor/graph.py:2345] [0/0] [__output_code]     return print_performance(fn, times=times, repeat=repeat)
V0810 06:19:04.291000 3658 site-packages/torch/_inductor/graph.py:2345] [0/0] [__output_code] 
V0810 06:19:04.291000 3658 site-packages/torch/_inductor/graph.py:2345] [0/0] [__output_code] 
V0810 06:19:04.291000 3658 site-packages/torch/_inductor/graph.py:2345] [0/0] [__output_code] if __name__ == "__main__":
V0810 06:19:04.291000 3658 site-packages/torch/_inductor/graph.py:2345] [0/0] [__output_code]     from torch._inductor.wrapper_benchmark import compiled_module_main
V0810 06:19:04.291000 3658 site-packages/torch/_inductor/graph.py:2345] [0/0] [__output_code]     compiled_module_main('None', benchmark_compiled_module)
V0810 06:19:04.291000 3658 site-packages/torch/_inductor/graph.py:2345] [0/0] [__output_code] 
V0810 06:19:04.292000 3658 site-packages/torch/_inductor/graph.py:2356] [0/0] [__output_code] Output code written to: /tmp/torchinductor_root/g7/cg7aw3l3f5nnuiu2edw4pmhhwskveguaydlinajmgmpqpgowfit2.py
I0810 06:19:05.217000 3658 site-packages/torch/_inductor/graph.py:2317] [0/0] [__output_code] Output code written to: /tmp/torchinductor_root/g7/cg7aw3l3f5nnuiu2edw4pmhhwskveguaydlinajmgmpqpgowfit2.py
